Analyzing easygrocer...                                         

   info - The file name '    auth_provider.dart' isn't a lower_case_with_underscores identifier - lib\providers\    auth_provider.dart:1:1 - file_names
   info - The file name '    cart_provider.dart' isn't a lower_case_with_underscores identifier - lib\providers\    cart_provider.dart:1:1 - file_names
   info - The file name '    orders_provider.dart' isn't a lower_case_with_underscores identifier - lib\providers\    orders_provider.dart:1:1 - file_names
  error - Expected to find ')' - lib\screens\checkout_screen.dart:70:13 - expected_token
   info - Use 'const' with the constructor to improve performance - lib\screens\home_screen.dart:74:19 - prefer_const_constructors
   info - Unnecessary 'const' keyword - lib\screens\order_details_screen.dart:37:40 - unnecessary_const
warning - Unused import: 'package:flutter/material.dart' - test\widget_test.dart:8:8 - unused_import

